// Vitest Snapshot v1

exports[`CalculatorHistory > Should render properly 1`] = `
"<div id=\\"container\\" data-v-dcf5f37f=\\"\\">
  <div id=\\"history-container\\" data-v-dcf5f37f=\\"\\">
    <div class=\\"history-div\\" data-v-dcf5f37f=\\"\\">
      <h1 data-v-dcf5f37f=\\"\\">Calculator History</h1>
    </div>
  </div><button id=\\"clear-button\\" data-v-dcf5f37f=\\"\\"> Clear History </button>
</div>"
`;
